// Jest Snapshot v1, https://goo.gl/fbAQLP

exports[`SnapShot: displays same card as last time 1`] = `
<div>
  <div
    class="Card"
  >
    <h4
      class="Card-title"
    >
      Test Caption
    </h4>
    <img
      alt="Test Caption"
      class="Card-image"
      src="testImage.png"
    />
    <small
      class="Card-small"
    >
      Image 
      1
       of 
      2
      .
    </small>
  </div>
</div>
`;
